<html>
<body>
<pre>
<h1>µVision Build Log</h1>
<h2>Tool Versions:</h2>
IDE-Version: ¦ÌVision V5.36.0.0
Copyright (C) 2021 ARM Ltd and ARM Germany GmbH. All rights reserved.
License Information: 1 1, 1, LIC=IC93N-YJ5QG-RFHIZ-JF7GD-Q86HE-VQFH2
 
Tool Versions:
Toolchain:       MDK-ARM Professional  Version: 5.36.0.0
Toolchain Path:  D:\Keil_v5\ARM\ARMCC\Bin
C Compiler:      Armcc.exe V5.06 update 7 (build 960)
Assembler:       Armasm.exe V5.06 update 7 (build 960)
Linker/Locator:  ArmLink.exe V5.06 update 7 (build 960)
Library Manager: ArmAr.exe V5.06 update 7 (build 960)
Hex Converter:   FromElf.exe V5.06 update 7 (build 960)
CPU DLL:         SARMCM3.DLL V5.36.0.0
Dialog DLL:      DCM.DLL V1.17.3.0
Target DLL:      CMSIS_AGDI.dll V1.33.0.0
Dialog DLL:      TCM.DLL V1.53.0.0
 
<h2>Project:</h2>
D:\Project\FlyRobot\Project\Fire_F103ZE.uvprojx
Project File Date:  01/05/2024

<h2>Output:</h2>
*** Using Compiler 'V5.06 update 7 (build 960)', folder: 'D:\Keil_v5\ARM\ARMCC\Bin'
Rebuild target 'LED'
assembling startup_stm32f101xe.s...
compiling system_stm32f1xx.c...
compiling stm32f1xx_hal_crc.c...
compiling stm32f1xx_hal.c...
compiling stm32f1xx_hal_flash_ex.c...
compiling stm32f1xx_hal_cec.c...
compiling stm32f1xx_hal_dac_ex.c...
compiling stm32f1xx_hal_adc_ex.c...
compiling stm32f1xx_hal_eth.c...
compiling stm32f1xx_hal_can.c...
compiling stm32f1xx_hal_adc.c...
compiling stm32f1xx_hal_flash.c...
compiling stm32f1xx_hal_dma.c...
compiling stm32f1xx_hal_cortex.c...
compiling stm32f1xx_hal_dac.c...
compiling stm32f1xx_hal_gpio.c...
compiling stm32f1xx_hal_gpio_ex.c...
compiling stm32f1xx_hal_i2s.c...
compiling stm32f1xx_hal_nor.c...
compiling stm32f1xx_hal_iwdg.c...
compiling stm32f1xx_hal_hcd.c...
compiling stm32f1xx_hal_pcd_ex.c...
compiling stm32f1xx_hal_nand.c...
compiling stm32f1xx_hal_irda.c...
compiling stm32f1xx_hal_mmc.c...
compiling stm32f1xx_hal_pwr.c...
compiling stm32f1xx_hal_pccard.c...
compiling stm32f1xx_hal_i2c.c...
compiling stm32f1xx_hal_pcd.c...
compiling stm32f1xx_hal_rcc.c...
compiling stm32f1xx_hal_rcc_ex.c...
compiling stm32f1xx_hal_rtc.c...
compiling stm32f1xx_hal_smartcard.c...
compiling stm32f1xx_ll_adc.c...
compiling stm32f1xx_hal_sram.c...
compiling stm32f1xx_ll_crc.c...
compiling stm32f1xx_hal_spi.c...
compiling stm32f1xx_ll_dac.c...
compiling stm32f1xx_ll_dma.c...
compiling stm32f1xx_ll_exti.c...
compiling stm32f1xx_ll_gpio.c...
compiling stm32f1xx_ll_i2c.c...
compiling stm32f1xx_ll_pwr.c...
compiling stm32f1xx_ll_rcc.c...
compiling stm32f1xx_hal_rtc_ex.c...
compiling stm32f1xx_hal_sd.c...
compiling stm32f1xx_hal_wwdg.c...
compiling stm32f1xx_ll_rtc.c...
compiling stm32f1xx_ll_spi.c...
compiling stm32f1xx_ll_tim.c...
compiling stm32f1xx_ll_usart.c...
compiling stm32f1xx_hal_uart.c...
compiling stm32f1xx_ll_fsmc.c...
compiling stm32f1xx_hal_usart.c...
compiling stm32f1xx_hal_tim.c...
compiling stm32f1xx_ll_sdmmc.c...
compiling stm32f1xx_hal_tim_ex.c...
compiling kalman.c...
compiling stm32f1xx_hal_exti.c...
compiling pid.c...
compiling stm32f1xx_ll_usb.c...
compiling stm32f1xx_hal_msp_template.c...
compiling bsp_led.c...
compiling timer.c...
compiling iic.c...
compiling at24c02.c...
compiling spi.c...
compiling imu.c...
compiling stm32f1xx_it.c...
compiling uart.c...
compiling adc.c...
compiling main.c...
compiling mpu6050.c...
..\User\application\mpu6050\mpu6050.c(29): warning:  #177-D: function "iic_mpu6050_write_bytes"  was declared but never referenced
  static void iic_mpu6050_write_bytes(uint8_t slave_adr,
..\User\application\mpu6050\mpu6050.c: 1 warning, 0 errors
compiling stm32f1xx_ll_utils.c...
linking...
Program Size: Code=15364 RO-data=360 RW-data=32 ZI-data=1376  
"..\Output\Fire_F103ZE.axf" - 0 Error(s), 1 Warning(s).

<h2>Software Packages used:</h2>

Package Vendor: Keil
                http://www.keil.com/pack/Keil.STM32F1xx_DFP.2.1.0.pack
                Keil.STM32F1xx_DFP.2.1.0
                STMicroelectronics STM32F1 Series Device Support, Drivers and Examples

<h2>Collection of Component include folders:</h2>
  D:\Keil_v5\Keil\STM32F1xx_DFP\2.1.0\Device\Include

<h2>Collection of Component Files used:</h2>
Build Time Elapsed:  00:00:16
</pre>
</body>
</html>
